running egg_info
creating ../../build/panth_turtle_PID/panth_turtle_PID.egg-info
writing ../../build/panth_turtle_PID/panth_turtle_PID.egg-info/PKG-INFO
writing dependency_links to ../../build/panth_turtle_PID/panth_turtle_PID.egg-info/dependency_links.txt
writing entry points to ../../build/panth_turtle_PID/panth_turtle_PID.egg-info/entry_points.txt
writing requirements to ../../build/panth_turtle_PID/panth_turtle_PID.egg-info/requires.txt
writing top-level names to ../../build/panth_turtle_PID/panth_turtle_PID.egg-info/top_level.txt
writing manifest file '../../build/panth_turtle_PID/panth_turtle_PID.egg-info/SOURCES.txt'
reading manifest file '../../build/panth_turtle_PID/panth_turtle_PID.egg-info/SOURCES.txt'
writing manifest file '../../build/panth_turtle_PID/panth_turtle_PID.egg-info/SOURCES.txt'
running build
running build_py
creating /home/panthpatel_/ros2_ws2/build/panth_turtle_PID/build
creating /home/panthpatel_/ros2_ws2/build/panth_turtle_PID/build/lib
creating /home/panthpatel_/ros2_ws2/build/panth_turtle_PID/build/lib/panth_turtle_PID
copying panth_turtle_PID/swarm.py -> /home/panthpatel_/ros2_ws2/build/panth_turtle_PID/build/lib/panth_turtle_PID
copying panth_turtle_PID/__init__.py -> /home/panthpatel_/ros2_ws2/build/panth_turtle_PID/build/lib/panth_turtle_PID
running install
running install_lib
creating /home/panthpatel_/ros2_ws2/install/panth_turtle_PID/lib/python3.10/site-packages/panth_turtle_PID
copying /home/panthpatel_/ros2_ws2/build/panth_turtle_PID/build/lib/panth_turtle_PID/swarm.py -> /home/panthpatel_/ros2_ws2/install/panth_turtle_PID/lib/python3.10/site-packages/panth_turtle_PID
copying /home/panthpatel_/ros2_ws2/build/panth_turtle_PID/build/lib/panth_turtle_PID/__init__.py -> /home/panthpatel_/ros2_ws2/install/panth_turtle_PID/lib/python3.10/site-packages/panth_turtle_PID
byte-compiling /home/panthpatel_/ros2_ws2/install/panth_turtle_PID/lib/python3.10/site-packages/panth_turtle_PID/swarm.py to swarm.cpython-310.pyc
byte-compiling /home/panthpatel_/ros2_ws2/install/panth_turtle_PID/lib/python3.10/site-packages/panth_turtle_PID/__init__.py to __init__.cpython-310.pyc
running install_data
creating /home/panthpatel_/ros2_ws2/install/panth_turtle_PID/share/ament_index
creating /home/panthpatel_/ros2_ws2/install/panth_turtle_PID/share/ament_index/resource_index
creating /home/panthpatel_/ros2_ws2/install/panth_turtle_PID/share/ament_index/resource_index/packages
copying resource/panth_turtle_PID -> /home/panthpatel_/ros2_ws2/install/panth_turtle_PID/share/ament_index/resource_index/packages
copying package.xml -> /home/panthpatel_/ros2_ws2/install/panth_turtle_PID/share/panth_turtle_PID
running install_egg_info
Copying ../../build/panth_turtle_PID/panth_turtle_PID.egg-info to /home/panthpatel_/ros2_ws2/install/panth_turtle_PID/lib/python3.10/site-packages/panth_turtle_PID-0.0.0-py3.10.egg-info
running install_scripts
writing list of installed files to '/home/panthpatel_/ros2_ws2/build/panth_turtle_PID/install.log'
