[0.603s] Invoking command in '/home/panthpatel_/ros2_ws2/src/panth_turtle_PID': PYTHONPATH=/home/panthpatel_/ros2_ws2/build/panth_turtle_PID/prefix_override:/usr/lib/python3/dist-packages/colcon_core/task/python/colcon_distutils_commands:/home/panthpatel_/ros2_ws2/install/panth_turtle_PID/lib/python3.10/site-packages:${PYTHONPATH} /usr/bin/python3 -W ignore:setup.py install is deprecated -W ignore:easy_install command is deprecated setup.py egg_info --egg-base ../../build/panth_turtle_PID build --build-base /home/panthpatel_/ros2_ws2/build/panth_turtle_PID/build install --record /home/panthpatel_/ros2_ws2/build/panth_turtle_PID/install.log --single-version-externally-managed install_data
[0.745s] running egg_info
[0.745s] creating ../../build/panth_turtle_PID/panth_turtle_PID.egg-info
[0.746s] writing ../../build/panth_turtle_PID/panth_turtle_PID.egg-info/PKG-INFO
[0.746s] writing dependency_links to ../../build/panth_turtle_PID/panth_turtle_PID.egg-info/dependency_links.txt
[0.746s] writing entry points to ../../build/panth_turtle_PID/panth_turtle_PID.egg-info/entry_points.txt
[0.746s] writing requirements to ../../build/panth_turtle_PID/panth_turtle_PID.egg-info/requires.txt
[0.746s] writing top-level names to ../../build/panth_turtle_PID/panth_turtle_PID.egg-info/top_level.txt
[0.747s] writing manifest file '../../build/panth_turtle_PID/panth_turtle_PID.egg-info/SOURCES.txt'
[0.748s] reading manifest file '../../build/panth_turtle_PID/panth_turtle_PID.egg-info/SOURCES.txt'
[0.748s] writing manifest file '../../build/panth_turtle_PID/panth_turtle_PID.egg-info/SOURCES.txt'
[0.749s] running build
[0.749s] running build_py
[0.749s] creating /home/panthpatel_/ros2_ws2/build/panth_turtle_PID/build
[0.749s] creating /home/panthpatel_/ros2_ws2/build/panth_turtle_PID/build/lib
[0.750s] creating /home/panthpatel_/ros2_ws2/build/panth_turtle_PID/build/lib/panth_turtle_PID
[0.750s] copying panth_turtle_PID/swarm.py -> /home/panthpatel_/ros2_ws2/build/panth_turtle_PID/build/lib/panth_turtle_PID
[0.750s] copying panth_turtle_PID/__init__.py -> /home/panthpatel_/ros2_ws2/build/panth_turtle_PID/build/lib/panth_turtle_PID
[0.750s] running install
[0.750s] running install_lib
[0.751s] creating /home/panthpatel_/ros2_ws2/install/panth_turtle_PID/lib/python3.10/site-packages/panth_turtle_PID
[0.751s] copying /home/panthpatel_/ros2_ws2/build/panth_turtle_PID/build/lib/panth_turtle_PID/swarm.py -> /home/panthpatel_/ros2_ws2/install/panth_turtle_PID/lib/python3.10/site-packages/panth_turtle_PID
[0.752s] copying /home/panthpatel_/ros2_ws2/build/panth_turtle_PID/build/lib/panth_turtle_PID/__init__.py -> /home/panthpatel_/ros2_ws2/install/panth_turtle_PID/lib/python3.10/site-packages/panth_turtle_PID
[0.752s] byte-compiling /home/panthpatel_/ros2_ws2/install/panth_turtle_PID/lib/python3.10/site-packages/panth_turtle_PID/swarm.py to swarm.cpython-310.pyc
[0.754s] byte-compiling /home/panthpatel_/ros2_ws2/install/panth_turtle_PID/lib/python3.10/site-packages/panth_turtle_PID/__init__.py to __init__.cpython-310.pyc
[0.754s] running install_data
[0.754s] creating /home/panthpatel_/ros2_ws2/install/panth_turtle_PID/share/ament_index
[0.754s] creating /home/panthpatel_/ros2_ws2/install/panth_turtle_PID/share/ament_index/resource_index
[0.755s] creating /home/panthpatel_/ros2_ws2/install/panth_turtle_PID/share/ament_index/resource_index/packages
[0.755s] copying resource/panth_turtle_PID -> /home/panthpatel_/ros2_ws2/install/panth_turtle_PID/share/ament_index/resource_index/packages
[0.755s] copying package.xml -> /home/panthpatel_/ros2_ws2/install/panth_turtle_PID/share/panth_turtle_PID
[0.755s] running install_egg_info
[0.756s] Copying ../../build/panth_turtle_PID/panth_turtle_PID.egg-info to /home/panthpatel_/ros2_ws2/install/panth_turtle_PID/lib/python3.10/site-packages/panth_turtle_PID-0.0.0-py3.10.egg-info
[0.757s] running install_scripts
[0.772s] writing list of installed files to '/home/panthpatel_/ros2_ws2/build/panth_turtle_PID/install.log'
[0.791s] Invoked command in '/home/panthpatel_/ros2_ws2/src/panth_turtle_PID' returned '0': PYTHONPATH=/home/panthpatel_/ros2_ws2/build/panth_turtle_PID/prefix_override:/usr/lib/python3/dist-packages/colcon_core/task/python/colcon_distutils_commands:/home/panthpatel_/ros2_ws2/install/panth_turtle_PID/lib/python3.10/site-packages:${PYTHONPATH} /usr/bin/python3 -W ignore:setup.py install is deprecated -W ignore:easy_install command is deprecated setup.py egg_info --egg-base ../../build/panth_turtle_PID build --build-base /home/panthpatel_/ros2_ws2/build/panth_turtle_PID/build install --record /home/panthpatel_/ros2_ws2/build/panth_turtle_PID/install.log --single-version-externally-managed install_data
