running egg_info
writing ../build/panth_turtle_PID/panth_turtle_PID.egg-info/PKG-INFO
writing dependency_links to ../build/panth_turtle_PID/panth_turtle_PID.egg-info/dependency_links.txt
writing entry points to ../build/panth_turtle_PID/panth_turtle_PID.egg-info/entry_points.txt
writing requirements to ../build/panth_turtle_PID/panth_turtle_PID.egg-info/requires.txt
writing top-level names to ../build/panth_turtle_PID/panth_turtle_PID.egg-info/top_level.txt
reading manifest file '../build/panth_turtle_PID/panth_turtle_PID.egg-info/SOURCES.txt'
writing manifest file '../build/panth_turtle_PID/panth_turtle_PID.egg-info/SOURCES.txt'
running build
running build_py
copying panth_turtle_PID/Click_target_gui.py -> /home/panthpatel_/ros2_ws2/src/build/panth_turtle_PID/build/lib/panth_turtle_PID
copying panth_turtle_PID/PID_node.py -> /home/panthpatel_/ros2_ws2/src/build/panth_turtle_PID/build/lib/panth_turtle_PID
running install
running install_lib
copying /home/panthpatel_/ros2_ws2/src/build/panth_turtle_PID/build/lib/panth_turtle_PID/Click_target_gui.py -> /home/panthpatel_/ros2_ws2/src/install/panth_turtle_PID/lib/python3.10/site-packages/panth_turtle_PID
copying /home/panthpatel_/ros2_ws2/src/build/panth_turtle_PID/build/lib/panth_turtle_PID/PID_node.py -> /home/panthpatel_/ros2_ws2/src/install/panth_turtle_PID/lib/python3.10/site-packages/panth_turtle_PID
byte-compiling /home/panthpatel_/ros2_ws2/src/install/panth_turtle_PID/lib/python3.10/site-packages/panth_turtle_PID/Click_target_gui.py to Click_target_gui.cpython-310.pyc
byte-compiling /home/panthpatel_/ros2_ws2/src/install/panth_turtle_PID/lib/python3.10/site-packages/panth_turtle_PID/PID_node.py to PID_node.cpython-310.pyc
running install_data
running install_egg_info
removing '/home/panthpatel_/ros2_ws2/src/install/panth_turtle_PID/lib/python3.10/site-packages/panth_turtle_PID-0.0.0-py3.10.egg-info' (and everything under it)
Copying ../build/panth_turtle_PID/panth_turtle_PID.egg-info to /home/panthpatel_/ros2_ws2/src/install/panth_turtle_PID/lib/python3.10/site-packages/panth_turtle_PID-0.0.0-py3.10.egg-info
running install_scripts
Installing PID_node script to /home/panthpatel_/ros2_ws2/src/install/panth_turtle_PID/lib/panth_turtle_PID
writing list of installed files to '/home/panthpatel_/ros2_ws2/src/build/panth_turtle_PID/install.log'
