[0.590s] Invoking command in '/home/panthpatel_/ros2_ws2/src/panth_turtle_PID': PYTHONPATH=/home/panthpatel_/ros2_ws2/src/build/panth_turtle_PID/prefix_override:/usr/lib/python3/dist-packages/colcon_core/task/python/colcon_distutils_commands:/home/panthpatel_/ros2_ws2/src/install/panth_turtle_PID/lib/python3.10/site-packages:${PYTHONPATH} /usr/bin/python3 -W ignore:setup.py install is deprecated -W ignore:easy_install command is deprecated setup.py egg_info --egg-base ../build/panth_turtle_PID build --build-base /home/panthpatel_/ros2_ws2/src/build/panth_turtle_PID/build install --record /home/panthpatel_/ros2_ws2/src/build/panth_turtle_PID/install.log --single-version-externally-managed install_data
[0.730s] running egg_info
[0.730s] writing ../build/panth_turtle_PID/panth_turtle_PID.egg-info/PKG-INFO
[0.733s] writing dependency_links to ../build/panth_turtle_PID/panth_turtle_PID.egg-info/dependency_links.txt
[0.734s] writing entry points to ../build/panth_turtle_PID/panth_turtle_PID.egg-info/entry_points.txt
[0.734s] writing requirements to ../build/panth_turtle_PID/panth_turtle_PID.egg-info/requires.txt
[0.734s] writing top-level names to ../build/panth_turtle_PID/panth_turtle_PID.egg-info/top_level.txt
[0.736s] reading manifest file '../build/panth_turtle_PID/panth_turtle_PID.egg-info/SOURCES.txt'
[0.737s] writing manifest file '../build/panth_turtle_PID/panth_turtle_PID.egg-info/SOURCES.txt'
[0.737s] running build
[0.737s] running build_py
[0.737s] copying panth_turtle_PID/Click_target_gui.py -> /home/panthpatel_/ros2_ws2/src/build/panth_turtle_PID/build/lib/panth_turtle_PID
[0.738s] copying panth_turtle_PID/PID_node.py -> /home/panthpatel_/ros2_ws2/src/build/panth_turtle_PID/build/lib/panth_turtle_PID
[0.738s] running install
[0.739s] running install_lib
[0.739s] copying /home/panthpatel_/ros2_ws2/src/build/panth_turtle_PID/build/lib/panth_turtle_PID/Click_target_gui.py -> /home/panthpatel_/ros2_ws2/src/install/panth_turtle_PID/lib/python3.10/site-packages/panth_turtle_PID
[0.740s] copying /home/panthpatel_/ros2_ws2/src/build/panth_turtle_PID/build/lib/panth_turtle_PID/PID_node.py -> /home/panthpatel_/ros2_ws2/src/install/panth_turtle_PID/lib/python3.10/site-packages/panth_turtle_PID
[0.741s] byte-compiling /home/panthpatel_/ros2_ws2/src/install/panth_turtle_PID/lib/python3.10/site-packages/panth_turtle_PID/Click_target_gui.py to Click_target_gui.cpython-310.pyc
[0.742s] byte-compiling /home/panthpatel_/ros2_ws2/src/install/panth_turtle_PID/lib/python3.10/site-packages/panth_turtle_PID/PID_node.py to PID_node.cpython-310.pyc
[0.744s] running install_data
[0.744s] running install_egg_info
[0.745s] removing '/home/panthpatel_/ros2_ws2/src/install/panth_turtle_PID/lib/python3.10/site-packages/panth_turtle_PID-0.0.0-py3.10.egg-info' (and everything under it)
[0.746s] Copying ../build/panth_turtle_PID/panth_turtle_PID.egg-info to /home/panthpatel_/ros2_ws2/src/install/panth_turtle_PID/lib/python3.10/site-packages/panth_turtle_PID-0.0.0-py3.10.egg-info
[0.748s] running install_scripts
[0.762s] Installing PID_node script to /home/panthpatel_/ros2_ws2/src/install/panth_turtle_PID/lib/panth_turtle_PID
[0.763s] writing list of installed files to '/home/panthpatel_/ros2_ws2/src/build/panth_turtle_PID/install.log'
[0.784s] Invoked command in '/home/panthpatel_/ros2_ws2/src/panth_turtle_PID' returned '0': PYTHONPATH=/home/panthpatel_/ros2_ws2/src/build/panth_turtle_PID/prefix_override:/usr/lib/python3/dist-packages/colcon_core/task/python/colcon_distutils_commands:/home/panthpatel_/ros2_ws2/src/install/panth_turtle_PID/lib/python3.10/site-packages:${PYTHONPATH} /usr/bin/python3 -W ignore:setup.py install is deprecated -W ignore:easy_install command is deprecated setup.py egg_info --egg-base ../build/panth_turtle_PID build --build-base /home/panthpatel_/ros2_ws2/src/build/panth_turtle_PID/build install --record /home/panthpatel_/ros2_ws2/src/build/panth_turtle_PID/install.log --single-version-externally-managed install_data
