[0.417s] Invoking command in '/home/panthpatel_/ros2_ws2/src/panth_turtle_PID': PYTHONPATH=/home/panthpatel_/ros2_ws2/build/panth_turtle_PID/prefix_override:/usr/lib/python3/dist-packages/colcon_core/task/python/colcon_distutils_commands:/home/panthpatel_/ros2_ws2/install/panth_turtle_PID/lib/python3.10/site-packages:${PYTHONPATH} /usr/bin/python3 -W ignore:setup.py install is deprecated -W ignore:easy_install command is deprecated setup.py egg_info --egg-base ../../build/panth_turtle_PID build --build-base /home/panthpatel_/ros2_ws2/build/panth_turtle_PID/build install --record /home/panthpatel_/ros2_ws2/build/panth_turtle_PID/install.log --single-version-externally-managed install_data
[0.563s] running egg_info
[0.563s] writing ../../build/panth_turtle_PID/panth_turtle_PID.egg-info/PKG-INFO
[0.564s] writing dependency_links to ../../build/panth_turtle_PID/panth_turtle_PID.egg-info/dependency_links.txt
[0.564s] writing entry points to ../../build/panth_turtle_PID/panth_turtle_PID.egg-info/entry_points.txt
[0.564s] writing requirements to ../../build/panth_turtle_PID/panth_turtle_PID.egg-info/requires.txt
[0.564s] writing top-level names to ../../build/panth_turtle_PID/panth_turtle_PID.egg-info/top_level.txt
[0.565s] reading manifest file '../../build/panth_turtle_PID/panth_turtle_PID.egg-info/SOURCES.txt'
[0.566s] writing manifest file '../../build/panth_turtle_PID/panth_turtle_PID.egg-info/SOURCES.txt'
[0.566s] running build
[0.566s] running build_py
[0.566s] running install
[0.567s] running install_lib
[0.567s] running install_data
[0.567s] running install_egg_info
[0.569s] removing '/home/panthpatel_/ros2_ws2/install/panth_turtle_PID/lib/python3.10/site-packages/panth_turtle_PID-0.0.0-py3.10.egg-info' (and everything under it)
[0.569s] Copying ../../build/panth_turtle_PID/panth_turtle_PID.egg-info to /home/panthpatel_/ros2_ws2/install/panth_turtle_PID/lib/python3.10/site-packages/panth_turtle_PID-0.0.0-py3.10.egg-info
[0.571s] running install_scripts
[0.586s] Installing PID_node script to /home/panthpatel_/ros2_ws2/install/panth_turtle_PID/lib/panth_turtle_PID
[0.586s] writing list of installed files to '/home/panthpatel_/ros2_ws2/build/panth_turtle_PID/install.log'
[0.604s] Invoked command in '/home/panthpatel_/ros2_ws2/src/panth_turtle_PID' returned '0': PYTHONPATH=/home/panthpatel_/ros2_ws2/build/panth_turtle_PID/prefix_override:/usr/lib/python3/dist-packages/colcon_core/task/python/colcon_distutils_commands:/home/panthpatel_/ros2_ws2/install/panth_turtle_PID/lib/python3.10/site-packages:${PYTHONPATH} /usr/bin/python3 -W ignore:setup.py install is deprecated -W ignore:easy_install command is deprecated setup.py egg_info --egg-base ../../build/panth_turtle_PID build --build-base /home/panthpatel_/ros2_ws2/build/panth_turtle_PID/build install --record /home/panthpatel_/ros2_ws2/build/panth_turtle_PID/install.log --single-version-externally-managed install_data
