[0.245s] DEBUG:colcon:Command line arguments: ['/usr/bin/colcon', 'build']
[0.245s] DEBUG:colcon:Parsed command line arguments: Namespace(log_base=None, log_level=None, verb_name='build', build_base='build', install_base='install', merge_install=False, symlink_install=False, test_result_base=None, continue_on_error=False, executor='parallel', parallel_workers=16, event_handlers=None, ignore_user_meta=False, metas=['./colcon.meta'], base_paths=['.'], packages_ignore=None, packages_ignore_regex=None, paths=None, packages_up_to=None, packages_up_to_regex=None, packages_above=None, packages_above_and_dependencies=None, packages_above_depth=None, packages_select_by_dep=None, packages_skip_by_dep=None, packages_skip_up_to=None, packages_select_build_failed=False, packages_skip_build_finished=False, packages_select_test_failures=False, packages_skip_test_passed=False, packages_select=None, packages_skip=None, packages_select_regex=None, packages_skip_regex=None, packages_start=None, packages_end=None, allow_overriding=[], cmake_args=None, cmake_target=None, cmake_target_skip_unavailable=False, cmake_clean_cache=False, cmake_clean_first=False, cmake_force_configure=False, ament_cmake_args=None, catkin_cmake_args=None, catkin_skip_building_tests=False, verb_parser=<colcon_defaults.argument_parser.defaults.DefaultArgumentsDecorator object at 0x7d7e1a026e90>, verb_extension=<colcon_core.verb.build.BuildVerb object at 0x7d7e1a1d8790>, main=<bound method BuildVerb.main of <colcon_core.verb.build.BuildVerb object at 0x7d7e1a1d8790>>)
[0.482s] Level 1:colcon.colcon_core.package_discovery:discover_packages(colcon_meta) check parameters
[0.482s] Level 1:colcon.colcon_core.package_discovery:discover_packages(recursive) check parameters
[0.482s] Level 1:colcon.colcon_core.package_discovery:discover_packages(ignore) check parameters
[0.482s] Level 1:colcon.colcon_core.package_discovery:discover_packages(path) check parameters
[0.482s] Level 1:colcon.colcon_core.package_discovery:discover_packages(colcon_meta) discover
[0.482s] Level 1:colcon.colcon_core.package_discovery:discover_packages(recursive) discover
[0.482s] INFO:colcon.colcon_core.package_discovery:Crawling recursively for packages in '/home/panthpatel_/ros2_ws2'
[0.482s] Level 1:colcon.colcon_core.package_identification:_identify(.) by extensions ['ignore', 'ignore_ament_install']
[0.482s] Level 1:colcon.colcon_core.package_identification:_identify(.) by extension 'ignore'
[0.482s] Level 1:colcon.colcon_core.package_identification:_identify(.) by extension 'ignore_ament_install'
[0.483s] Level 1:colcon.colcon_core.package_identification:_identify(.) by extensions ['colcon_pkg']
[0.483s] Level 1:colcon.colcon_core.package_identification:_identify(.) by extension 'colcon_pkg'
[0.483s] Level 1:colcon.colcon_core.package_identification:_identify(.) by extensions ['colcon_meta']
[0.483s] Level 1:colcon.colcon_core.package_identification:_identify(.) by extension 'colcon_meta'
[0.483s] Level 1:colcon.colcon_core.package_identification:_identify(.) by extensions ['ros']
[0.483s] Level 1:colcon.colcon_core.package_identification:_identify(.) by extension 'ros'
[0.495s] Level 1:colcon.colcon_core.package_identification:_identify(.) by extensions ['cmake', 'python']
[0.495s] Level 1:colcon.colcon_core.package_identification:_identify(.) by extension 'cmake'
[0.495s] Level 1:colcon.colcon_core.package_identification:_identify(.) by extension 'python'
[0.495s] Level 1:colcon.colcon_core.package_identification:_identify(.) by extensions ['python_setup_py']
[0.495s] Level 1:colcon.colcon_core.package_identification:_identify(.) by extension 'python_setup_py'
[0.495s] Level 1:colcon.colcon_core.package_identification:_identify(build) by extensions ['ignore', 'ignore_ament_install']
[0.495s] Level 1:colcon.colcon_core.package_identification:_identify(build) by extension 'ignore'
[0.495s] Level 1:colcon.colcon_core.package_identification:_identify(build) ignored
[0.495s] Level 1:colcon.colcon_core.package_identification:_identify(install) by extensions ['ignore', 'ignore_ament_install']
[0.495s] Level 1:colcon.colcon_core.package_identification:_identify(install) by extension 'ignore'
[0.495s] Level 1:colcon.colcon_core.package_identification:_identify(install) ignored
[0.495s] Level 1:colcon.colcon_core.package_identification:_identify(log) by extensions ['ignore', 'ignore_ament_install']
[0.496s] Level 1:colcon.colcon_core.package_identification:_identify(log) by extension 'ignore'
[0.496s] Level 1:colcon.colcon_core.package_identification:_identify(log) ignored
[0.496s] Level 1:colcon.colcon_core.package_identification:_identify(src) by extensions ['ignore', 'ignore_ament_install']
[0.496s] Level 1:colcon.colcon_core.package_identification:_identify(src) by extension 'ignore'
[0.496s] Level 1:colcon.colcon_core.package_identification:_identify(src) by extension 'ignore_ament_install'
[0.496s] Level 1:colcon.colcon_core.package_identification:_identify(src) by extensions ['colcon_pkg']
[0.496s] Level 1:colcon.colcon_core.package_identification:_identify(src) by extension 'colcon_pkg'
[0.496s] Level 1:colcon.colcon_core.package_identification:_identify(src) by extensions ['colcon_meta']
[0.496s] Level 1:colcon.colcon_core.package_identification:_identify(src) by extension 'colcon_meta'
[0.496s] Level 1:colcon.colcon_core.package_identification:_identify(src) by extensions ['ros']
[0.496s] Level 1:colcon.colcon_core.package_identification:_identify(src) by extension 'ros'
[0.496s] Level 1:colcon.colcon_core.package_identification:_identify(src) by extensions ['cmake', 'python']
[0.496s] Level 1:colcon.colcon_core.package_identification:_identify(src) by extension 'cmake'
[0.496s] Level 1:colcon.colcon_core.package_identification:_identify(src) by extension 'python'
[0.496s] Level 1:colcon.colcon_core.package_identification:_identify(src) by extensions ['python_setup_py']
[0.496s] Level 1:colcon.colcon_core.package_identification:_identify(src) by extension 'python_setup_py'
[0.496s] Level 1:colcon.colcon_core.package_identification:_identify(src/build) by extensions ['ignore', 'ignore_ament_install']
[0.496s] Level 1:colcon.colcon_core.package_identification:_identify(src/build) by extension 'ignore'
[0.496s] Level 1:colcon.colcon_core.package_identification:_identify(src/build) ignored
[0.496s] Level 1:colcon.colcon_core.package_identification:_identify(src/install) by extensions ['ignore', 'ignore_ament_install']
[0.496s] Level 1:colcon.colcon_core.package_identification:_identify(src/install) by extension 'ignore'
[0.496s] Level 1:colcon.colcon_core.package_identification:_identify(src/install) ignored
[0.496s] Level 1:colcon.colcon_core.package_identification:_identify(src/log) by extensions ['ignore', 'ignore_ament_install']
[0.496s] Level 1:colcon.colcon_core.package_identification:_identify(src/log) by extension 'ignore'
[0.496s] Level 1:colcon.colcon_core.package_identification:_identify(src/log) ignored
[0.496s] Level 1:colcon.colcon_core.package_identification:_identify(src/panth_turtle_PID) by extensions ['ignore', 'ignore_ament_install']
[0.496s] Level 1:colcon.colcon_core.package_identification:_identify(src/panth_turtle_PID) by extension 'ignore'
[0.497s] Level 1:colcon.colcon_core.package_identification:_identify(src/panth_turtle_PID) by extension 'ignore_ament_install'
[0.497s] Level 1:colcon.colcon_core.package_identification:_identify(src/panth_turtle_PID) by extensions ['colcon_pkg']
[0.497s] Level 1:colcon.colcon_core.package_identification:_identify(src/panth_turtle_PID) by extension 'colcon_pkg'
[0.497s] Level 1:colcon.colcon_core.package_identification:_identify(src/panth_turtle_PID) by extensions ['colcon_meta']
[0.497s] Level 1:colcon.colcon_core.package_identification:_identify(src/panth_turtle_PID) by extension 'colcon_meta'
[0.497s] Level 1:colcon.colcon_core.package_identification:_identify(src/panth_turtle_PID) by extensions ['ros']
[0.497s] Level 1:colcon.colcon_core.package_identification:_identify(src/panth_turtle_PID) by extension 'ros'
[0.499s] DEBUG:colcon.colcon_core.package_identification:Package 'src/panth_turtle_PID' with type 'ros.ament_python' and name 'panth_turtle_PID'
[0.500s] Level 1:colcon.colcon_core.package_identification:_identify(src/tars_sim) by extensions ['ignore', 'ignore_ament_install']
[0.500s] Level 1:colcon.colcon_core.package_identification:_identify(src/tars_sim) by extension 'ignore'
[0.500s] Level 1:colcon.colcon_core.package_identification:_identify(src/tars_sim) by extension 'ignore_ament_install'
[0.500s] Level 1:colcon.colcon_core.package_identification:_identify(src/tars_sim) by extensions ['colcon_pkg']
[0.500s] Level 1:colcon.colcon_core.package_identification:_identify(src/tars_sim) by extension 'colcon_pkg'
[0.500s] Level 1:colcon.colcon_core.package_identification:_identify(src/tars_sim) by extensions ['colcon_meta']
[0.500s] Level 1:colcon.colcon_core.package_identification:_identify(src/tars_sim) by extension 'colcon_meta'
[0.500s] Level 1:colcon.colcon_core.package_identification:_identify(src/tars_sim) by extensions ['ros']
[0.500s] Level 1:colcon.colcon_core.package_identification:_identify(src/tars_sim) by extension 'ros'
[0.500s] DEBUG:colcon.colcon_core.package_identification:Package 'src/tars_sim' with type 'ros.catkin' and name 'tars_sim'
[0.500s] Level 1:colcon.colcon_core.package_discovery:discover_packages(recursive) using defaults
[0.500s] Level 1:colcon.colcon_core.package_discovery:discover_packages(ignore) discover
[0.500s] Level 1:colcon.colcon_core.package_discovery:discover_packages(ignore) using defaults
[0.500s] Level 1:colcon.colcon_core.package_discovery:discover_packages(path) discover
[0.500s] Level 1:colcon.colcon_core.package_discovery:discover_packages(path) using defaults
[0.528s] Level 1:colcon.colcon_core.package_discovery:discover_packages(prefix_path) check parameters
[0.528s] Level 1:colcon.colcon_core.package_discovery:discover_packages(prefix_path) discover
[0.532s] DEBUG:colcon.colcon_installed_package_information.package_discovery:Found 271 installed packages in /opt/ros/humble
[0.534s] Level 1:colcon.colcon_core.package_discovery:discover_packages(prefix_path) using defaults
[0.573s] Level 5:colcon.colcon_core.verb:set package 'panth_turtle_PID' build argument 'cmake_args' from command line to 'None'
[0.573s] Level 5:colcon.colcon_core.verb:set package 'panth_turtle_PID' build argument 'cmake_target' from command line to 'None'
[0.573s] Level 5:colcon.colcon_core.verb:set package 'panth_turtle_PID' build argument 'cmake_target_skip_unavailable' from command line to 'False'
[0.573s] Level 5:colcon.colcon_core.verb:set package 'panth_turtle_PID' build argument 'cmake_clean_cache' from command line to 'False'
[0.573s] Level 5:colcon.colcon_core.verb:set package 'panth_turtle_PID' build argument 'cmake_clean_first' from command line to 'False'
[0.573s] Level 5:colcon.colcon_core.verb:set package 'panth_turtle_PID' build argument 'cmake_force_configure' from command line to 'False'
[0.573s] Level 5:colcon.colcon_core.verb:set package 'panth_turtle_PID' build argument 'ament_cmake_args' from command line to 'None'
[0.573s] Level 5:colcon.colcon_core.verb:set package 'panth_turtle_PID' build argument 'catkin_cmake_args' from command line to 'None'
[0.573s] Level 5:colcon.colcon_core.verb:set package 'panth_turtle_PID' build argument 'catkin_skip_building_tests' from command line to 'False'
[0.573s] DEBUG:colcon.colcon_core.verb:Building package 'panth_turtle_PID' with the following arguments: {'ament_cmake_args': None, 'build_base': '/home/panthpatel_/ros2_ws2/build/panth_turtle_PID', 'catkin_cmake_args': None, 'catkin_skip_building_tests': False, 'cmake_args': None, 'cmake_clean_cache': False, 'cmake_clean_first': False, 'cmake_force_configure': False, 'cmake_target': None, 'cmake_target_skip_unavailable': False, 'install_base': '/home/panthpatel_/ros2_ws2/install/panth_turtle_PID', 'merge_install': False, 'path': '/home/panthpatel_/ros2_ws2/src/panth_turtle_PID', 'symlink_install': False, 'test_result_base': None}
[0.573s] Level 5:colcon.colcon_core.verb:set package 'tars_sim' build argument 'cmake_args' from command line to 'None'
[0.573s] Level 5:colcon.colcon_core.verb:set package 'tars_sim' build argument 'cmake_target' from command line to 'None'
[0.573s] Level 5:colcon.colcon_core.verb:set package 'tars_sim' build argument 'cmake_target_skip_unavailable' from command line to 'False'
[0.574s] Level 5:colcon.colcon_core.verb:set package 'tars_sim' build argument 'cmake_clean_cache' from command line to 'False'
[0.574s] Level 5:colcon.colcon_core.verb:set package 'tars_sim' build argument 'cmake_clean_first' from command line to 'False'
[0.574s] Level 5:colcon.colcon_core.verb:set package 'tars_sim' build argument 'cmake_force_configure' from command line to 'False'
[0.574s] Level 5:colcon.colcon_core.verb:set package 'tars_sim' build argument 'ament_cmake_args' from command line to 'None'
[0.574s] Level 5:colcon.colcon_core.verb:set package 'tars_sim' build argument 'catkin_cmake_args' from command line to 'None'
[0.574s] Level 5:colcon.colcon_core.verb:set package 'tars_sim' build argument 'catkin_skip_building_tests' from command line to 'False'
[0.574s] DEBUG:colcon.colcon_core.verb:Building package 'tars_sim' with the following arguments: {'ament_cmake_args': None, 'build_base': '/home/panthpatel_/ros2_ws2/build/tars_sim', 'catkin_cmake_args': None, 'catkin_skip_building_tests': False, 'cmake_args': None, 'cmake_clean_cache': False, 'cmake_clean_first': False, 'cmake_force_configure': False, 'cmake_target': None, 'cmake_target_skip_unavailable': False, 'install_base': '/home/panthpatel_/ros2_ws2/install/tars_sim', 'merge_install': False, 'path': '/home/panthpatel_/ros2_ws2/src/tars_sim', 'symlink_install': False, 'test_result_base': None}
[0.574s] INFO:colcon.colcon_core.executor:Executing jobs using 'parallel' executor
[0.576s] DEBUG:colcon.colcon_parallel_executor.executor.parallel:run_until_complete
[0.576s] INFO:colcon.colcon_ros.task.ament_python.build:Building ROS package in '/home/panthpatel_/ros2_ws2/src/panth_turtle_PID' with build type 'ament_python'
[0.576s] Level 1:colcon.colcon_core.shell:create_environment_hook('panth_turtle_PID', 'ament_prefix_path')
[0.582s] INFO:colcon.colcon_core.plugin_system:Skipping extension 'colcon_core.shell.bat': Not used on non-Windows systems
[0.582s] INFO:colcon.colcon_core.shell:Creating environment hook '/home/panthpatel_/ros2_ws2/install/panth_turtle_PID/share/panth_turtle_PID/hook/ament_prefix_path.ps1'
[0.583s] INFO:colcon.colcon_core.shell:Creating environment descriptor '/home/panthpatel_/ros2_ws2/install/panth_turtle_PID/share/panth_turtle_PID/hook/ament_prefix_path.dsv'
[0.584s] INFO:colcon.colcon_core.shell:Creating environment hook '/home/panthpatel_/ros2_ws2/install/panth_turtle_PID/share/panth_turtle_PID/hook/ament_prefix_path.sh'
[0.585s] INFO:colcon.colcon_core.shell:Skip shell extension 'powershell' for command environment: Not usable outside of PowerShell
[0.585s] DEBUG:colcon.colcon_core.shell:Skip shell extension 'dsv' for command environment
[0.589s] INFO:colcon.colcon_ros.task.catkin.build:Building ROS package in '/home/panthpatel_/ros2_ws2/src/tars_sim' with build type 'catkin'
[0.589s] INFO:colcon.colcon_cmake.task.cmake.build:Building CMake package in '/home/panthpatel_/ros2_ws2/src/tars_sim'
[0.590s] INFO:colcon.colcon_core.shell:Skip shell extension 'powershell' for command environment: Not usable outside of PowerShell
[0.590s] DEBUG:colcon.colcon_core.shell:Skip shell extension 'dsv' for command environment
[0.758s] INFO:colcon.colcon_core.task.python.build:Building Python package in '/home/panthpatel_/ros2_ws2/src/panth_turtle_PID'
[0.759s] INFO:colcon.colcon_core.shell:Skip shell extension 'powershell' for command environment: Not usable outside of PowerShell
[0.759s] DEBUG:colcon.colcon_core.shell:Skip shell extension 'dsv' for command environment
[0.768s] DEBUG:colcon.colcon_core.event_handler.log_command:Invoking command in '/home/panthpatel_/ros2_ws2/build/tars_sim': /usr/bin/cmake /home/panthpatel_/ros2_ws2/src/tars_sim -DCATKIN_INSTALL_INTO_PREFIX_ROOT=0 -DCMAKE_INSTALL_PREFIX=/home/panthpatel_/ros2_ws2/install/tars_sim
[0.819s] DEBUG:colcon.colcon_core.event_handler.log_command:Invoked command in '/home/panthpatel_/ros2_ws2/build/tars_sim' returned '1': /usr/bin/cmake /home/panthpatel_/ros2_ws2/src/tars_sim -DCATKIN_INSTALL_INTO_PREFIX_ROOT=0 -DCMAKE_INSTALL_PREFIX=/home/panthpatel_/ros2_ws2/install/tars_sim
[0.819s] Level 1:colcon.colcon_core.environment:create_environment_scripts_only(tars_sim)
[0.825s] Level 1:colcon.colcon_core.environment:checking '/home/panthpatel_/ros2_ws2/install/tars_sim' for CMake module files
[0.825s] Level 1:colcon.colcon_core.environment:checking '/home/panthpatel_/ros2_ws2/install/tars_sim' for CMake config files
[0.825s] Level 1:colcon.colcon_core.environment:checking '/home/panthpatel_/ros2_ws2/install/tars_sim/bin'
[0.825s] Level 1:colcon.colcon_core.environment:checking '/home/panthpatel_/ros2_ws2/install/tars_sim/lib/pkgconfig/tars_sim.pc'
[0.825s] Level 1:colcon.colcon_core.environment:checking '/home/panthpatel_/ros2_ws2/install/tars_sim/lib/python3.10/site-packages'
[0.825s] Level 1:colcon.colcon_core.environment:checking '/home/panthpatel_/ros2_ws2/install/tars_sim/bin'
[0.826s] INFO:colcon.colcon_core.shell:Creating package script '/home/panthpatel_/ros2_ws2/install/tars_sim/share/tars_sim/package.ps1'
[0.828s] INFO:colcon.colcon_core.shell:Creating package descriptor '/home/panthpatel_/ros2_ws2/install/tars_sim/share/tars_sim/package.dsv'
[0.829s] INFO:colcon.colcon_core.shell:Creating package script '/home/panthpatel_/ros2_ws2/install/tars_sim/share/tars_sim/package.sh'
[0.830s] INFO:colcon.colcon_core.shell:Creating package script '/home/panthpatel_/ros2_ws2/install/tars_sim/share/tars_sim/package.bash'
[0.831s] INFO:colcon.colcon_core.shell:Creating package script '/home/panthpatel_/ros2_ws2/install/tars_sim/share/tars_sim/package.zsh'
[0.831s] Level 1:colcon.colcon_core.environment:create_file_with_runtime_dependencies(/home/panthpatel_/ros2_ws2/install/tars_sim/share/colcon-core/packages/tars_sim)
[1.170s] DEBUG:colcon.colcon_parallel_executor.executor.parallel:closing loop
[1.170s] DEBUG:colcon.colcon_parallel_executor.executor.parallel:loop closed
[1.170s] DEBUG:colcon.colcon_parallel_executor.executor.parallel:run_until_complete finished with '1'
[1.171s] DEBUG:colcon.colcon_core.event_reactor:joining thread
[1.210s] INFO:colcon.colcon_core.plugin_system:Skipping extension 'colcon_notification.desktop_notification.notify_send': Could not find 'notify-send'
[1.210s] INFO:colcon.colcon_core.plugin_system:Skipping extension 'colcon_notification.desktop_notification.terminal_notifier': Not used on non-Darwin systems
[1.210s] INFO:colcon.colcon_core.plugin_system:Skipping extension 'colcon_notification.desktop_notification.win32': Not used on non-Windows systems
[1.210s] INFO:colcon.colcon_notification.desktop_notification:Sending desktop notification using 'notify2'
[1.210s] DEBUG:colcon.colcon_notification.desktop_notification.notify2:Failed to initialize notify2: org.freedesktop.DBus.Error.FileNotFound: Failed to connect to socket /run/user/1000/bus: No such file or directory
[1.211s] DEBUG:colcon.colcon_core.event_reactor:joined thread
[1.211s] INFO:colcon.colcon_core.shell:Creating prefix script '/home/panthpatel_/ros2_ws2/install/local_setup.ps1'
[1.212s] INFO:colcon.colcon_core.shell:Creating prefix util module '/home/panthpatel_/ros2_ws2/install/_local_setup_util_ps1.py'
[1.213s] INFO:colcon.colcon_core.shell:Creating prefix chain script '/home/panthpatel_/ros2_ws2/install/setup.ps1'
[1.214s] INFO:colcon.colcon_core.shell:Creating prefix script '/home/panthpatel_/ros2_ws2/install/local_setup.sh'
[1.215s] INFO:colcon.colcon_core.shell:Creating prefix util module '/home/panthpatel_/ros2_ws2/install/_local_setup_util_sh.py'
[1.215s] INFO:colcon.colcon_core.shell:Creating prefix chain script '/home/panthpatel_/ros2_ws2/install/setup.sh'
[1.216s] INFO:colcon.colcon_core.shell:Creating prefix script '/home/panthpatel_/ros2_ws2/install/local_setup.bash'
[1.217s] INFO:colcon.colcon_core.shell:Creating prefix chain script '/home/panthpatel_/ros2_ws2/install/setup.bash'
[1.218s] INFO:colcon.colcon_core.shell:Creating prefix script '/home/panthpatel_/ros2_ws2/install/local_setup.zsh'
[1.218s] INFO:colcon.colcon_core.shell:Creating prefix chain script '/home/panthpatel_/ros2_ws2/install/setup.zsh'
