[0.763s] Invoking command in '/home/panthpatel_/ros2_ws2/src/panth_turtle_PID': PYTHONPATH=/home/panthpatel_/ros2_ws2/build/panth_turtle_PID/prefix_override:/usr/lib/python3/dist-packages/colcon_core/task/python/colcon_distutils_commands:/home/panthpatel_/ros2_ws2/install/panth_turtle_PID/lib/python3.10/site-packages:${PYTHONPATH} /usr/bin/python3 -W ignore:setup.py install is deprecated -W ignore:easy_install command is deprecated setup.py egg_info --egg-base ../../build/panth_turtle_PID build --build-base /home/panthpatel_/ros2_ws2/build/panth_turtle_PID/build install --record /home/panthpatel_/ros2_ws2/build/panth_turtle_PID/install.log --single-version-externally-managed install_data
[0.903s] running egg_info
[0.903s] writing ../../build/panth_turtle_PID/panth_turtle_PID.egg-info/PKG-INFO
[0.903s] writing dependency_links to ../../build/panth_turtle_PID/panth_turtle_PID.egg-info/dependency_links.txt
[0.903s] writing entry points to ../../build/panth_turtle_PID/panth_turtle_PID.egg-info/entry_points.txt
[0.904s] writing requirements to ../../build/panth_turtle_PID/panth_turtle_PID.egg-info/requires.txt
[0.904s] writing top-level names to ../../build/panth_turtle_PID/panth_turtle_PID.egg-info/top_level.txt
[0.906s] reading manifest file '../../build/panth_turtle_PID/panth_turtle_PID.egg-info/SOURCES.txt'
[0.908s] writing manifest file '../../build/panth_turtle_PID/panth_turtle_PID.egg-info/SOURCES.txt'
[0.908s] running build
[0.908s] running build_py
[0.908s] copying panth_turtle_PID/Click_target_gui.py -> /home/panthpatel_/ros2_ws2/build/panth_turtle_PID/build/lib/panth_turtle_PID
[0.909s] copying panth_turtle_PID/PID_node.py -> /home/panthpatel_/ros2_ws2/build/panth_turtle_PID/build/lib/panth_turtle_PID
[0.909s] running install
[0.909s] running install_lib
[0.911s] copying /home/panthpatel_/ros2_ws2/build/panth_turtle_PID/build/lib/panth_turtle_PID/Click_target_gui.py -> /home/panthpatel_/ros2_ws2/install/panth_turtle_PID/lib/python3.10/site-packages/panth_turtle_PID
[0.911s] copying /home/panthpatel_/ros2_ws2/build/panth_turtle_PID/build/lib/panth_turtle_PID/PID_node.py -> /home/panthpatel_/ros2_ws2/install/panth_turtle_PID/lib/python3.10/site-packages/panth_turtle_PID
[0.912s] byte-compiling /home/panthpatel_/ros2_ws2/install/panth_turtle_PID/lib/python3.10/site-packages/panth_turtle_PID/Click_target_gui.py to Click_target_gui.cpython-310.pyc
[0.912s] byte-compiling /home/panthpatel_/ros2_ws2/install/panth_turtle_PID/lib/python3.10/site-packages/panth_turtle_PID/PID_node.py to PID_node.cpython-310.pyc
[0.915s] running install_data
[0.915s] running install_egg_info
[0.918s] removing '/home/panthpatel_/ros2_ws2/install/panth_turtle_PID/lib/python3.10/site-packages/panth_turtle_PID-0.0.0-py3.10.egg-info' (and everything under it)
[0.919s] Copying ../../build/panth_turtle_PID/panth_turtle_PID.egg-info to /home/panthpatel_/ros2_ws2/install/panth_turtle_PID/lib/python3.10/site-packages/panth_turtle_PID-0.0.0-py3.10.egg-info
[0.921s] running install_scripts
[0.935s] Installing PID_node script to /home/panthpatel_/ros2_ws2/install/panth_turtle_PID/lib/panth_turtle_PID
[0.936s] writing list of installed files to '/home/panthpatel_/ros2_ws2/build/panth_turtle_PID/install.log'
[0.964s] Invoked command in '/home/panthpatel_/ros2_ws2/src/panth_turtle_PID' returned '0': PYTHONPATH=/home/panthpatel_/ros2_ws2/build/panth_turtle_PID/prefix_override:/usr/lib/python3/dist-packages/colcon_core/task/python/colcon_distutils_commands:/home/panthpatel_/ros2_ws2/install/panth_turtle_PID/lib/python3.10/site-packages:${PYTHONPATH} /usr/bin/python3 -W ignore:setup.py install is deprecated -W ignore:easy_install command is deprecated setup.py egg_info --egg-base ../../build/panth_turtle_PID build --build-base /home/panthpatel_/ros2_ws2/build/panth_turtle_PID/build install --record /home/panthpatel_/ros2_ws2/build/panth_turtle_PID/install.log --single-version-externally-managed install_data
